// Jest Snapshot v1, https://goo.gl/fbAQLP

exports[`Should render ExpenseList with No Expenses message 1`] = `
<div>
  <p>
    No Expenses
  </p>
</div>
`;

exports[`Should render ExpenseList with expenses 1`] = `
<div>
  <ExpenseListItem
    amount={195}
    createdAt={0}
    description="Gum"
    id="1"
    key="1"
    note=""
  />
  <ExpenseListItem
    amount={196}
    createdAt={-345600000}
    description="Rent"
    id="2"
    key="2"
    note=""
  />
  <ExpenseListItem
    amount={197}
    createdAt={345600000}
    description="Tour"
    id="3"
    key="3"
    note=""
  />
  <ExpenseListItem
    amount={194}
    createdAt={604800000}
    description="Credit transaction"
    id="4"
    key="4"
    note=""
  />
</div>
`;
